---
source: tests/smoke/help_messages.rs
assertion_line: 47
expression: result.stdout
---
Cache management (refresh specs)

Usage: shrug.exe cache [OPTIONS] <COMMAND>

Commands:
  list     Show cached API specs with age and status
  refresh  Download/refresh API specs from Atlassian CDN
  clear    Delete cached API specs (all or by product)
  help     Print this message or the help of the given subcommand(s)

Options:
  -o, --output <OUTPUT>    Output format [default: table] [possible values: json, table, csv]
      --color <COLOR>      Color output [default: auto] [possible values: auto, always, never]
  -p, --profile <PROFILE>  Configuration profile to use
  -v, --verbose...         Increase verbosity (-v, -vv, -vvv for trace)
  -n, --dry-run            Dry run — show what would happen without making changes
  -L, --limit <LIMIT>      Maximum number of results to fetch (implies pagination)
  -q, --quiet              Suppress non-essential output
  -h, --help               Print help
